// Jest Snapshot v1, https://goo.gl/fbAQLP

exports[`Sub render properly 1`] = `
<div>
  <p
    class="Sub "
  >
    May the force be with you
  </p>
</div>
`;
